// Jest Snapshot v1, https://goo.gl/fbAQLP

exports[`orderBookFooter.component renders 1`] = `
<div
  className="toggleFeedContainer"
>
  <button
    className="MuiButton-root MuiButton-contained MuiButton-containedPrimary MuiButton-sizeMedium MuiButton-containedSizeMedium MuiButtonBase-root primary css-sghohy-MuiButtonBase-root-MuiButton-root"
    data-testid="toggle-feed-button"
    disabled={false}
    onBlur={[Function]}
    onClick={[Function]}
    onContextMenu={[Function]}
    onDragLeave={[Function]}
    onFocus={[Function]}
    onKeyDown={[Function]}
    onKeyUp={[Function]}
    onMouseDown={[Function]}
    onMouseLeave={[Function]}
    onMouseUp={[Function]}
    onTouchEnd={[Function]}
    onTouchMove={[Function]}
    onTouchStart={[Function]}
    tabIndex={0}
    type="button"
  >
    Toggle Feed
  </button>
</div>
`;
