// Jest Snapshot v1, https://goo.gl/fbAQLP

exports[`table.component renders column 1`] = `
<div>
  <div
    className="rowHeader"
  >
    <div
      className="cell alignRight"
      style={
        Object {
          "width": "100%",
        }
      }
    >
      Test Column
    </div>
  </div>
  <div
    className="rowData"
  >
    <div
      className="cell alignRight"
      style={
        Object {
          "width": "100%",
        }
      }
    >
      Test Cell
    </div>
  </div>
</div>
`;

exports[`table.component renders loader without data 1`] = `
<div
  className="loadingOverlay"
>
  <div
    className="container"
  >
    <span
      className="MuiCircularProgress-root MuiCircularProgress-indeterminate MuiCircularProgress-colorPrimary loader css-18lrjg1-MuiCircularProgress-root"
      role="progressbar"
      style={
        Object {
          "height": 40,
          "width": 40,
        }
      }
    >
      <svg
        className="MuiCircularProgress-svg css-1idz92c-MuiCircularProgress-svg"
        viewBox="22 22 44 44"
      >
        <circle
          className="MuiCircularProgress-circle MuiCircularProgress-circleIndeterminate css-176wh8e-MuiCircularProgress-circle"
          cx={44}
          cy={44}
          fill="none"
          r={20.2}
          strokeWidth={3.6}
          style={Object {}}
        />
      </svg>
    </span>
  </div>
</div>
`;
